// Jest Snapshot v1, https://goo.gl/fbAQLP

exports[`renders component correctly 1`] = `
<div
  className="Recipes weeklist"
>
  <div
    className="RecipesList"
  >
    <div
      className="cardColumns"
    >
      <div
        className="recipeSort"
      >
        <input
          className="noBulmaBorderless recipeSearch"
          onChange={[Function]}
          placeholder="search for a recipe..."
          type="text"
        />
        <div
          className="sort-seperation"
        >
          <select
            className="recipeSortButton"
            onChange={[Function]}
            value="NAME_ASC"
          >
            <option
              value="NAME_ASC"
            >
              Name (A-Z)
            </option>
            <option
              value="NAME_DESC"
            >
              Name (Z-A)
            </option>
            <option
              value="SERVES_ASC"
            >
              Serves (Ascending)
            </option>
            <option
              value="SERVES_DESC"
            >
              Serves (Descending)
            </option>
          </select>
        </div>
      </div>
      <div
        className="seperation"
      />
      <ul>
        <div
          className="cardColumns"
        >
          <li>
            <div
              className="card"
            >
              <a
                href="#/recipe/MOqgTKsRp9OwepdSupbr"
                onClick={[Function]}
              >
                 
                <div
                  className="card-image"
                >
                  <div
                    className="container"
                  >
                    <figure
                      className="image is-1by10"
                    >
                      <div
                        style={
                          Object {
                            "backgroundImage": "url(https://imagesvc.meredithcorp.io/v3/mm/image?url=https%3A%2F%2Fimages.media-allrecipes.com%2Fuserphotos%2F5858755.jpg)",
                            "backgroundPosition": "center",
                            "backgroundRepeat": "no-repeat",
                            "backgroundSize": "cover",
                            "height": "300px",
                          }
                        }
                      />
                      <div
                        className="top-right"
                      >
                        <div
                          className="control"
                        >
                          <i
                            className="fas fa-plus"
                          />
                          <a
                            href="#/recipe/MOqgTKsRp9OwepdSupbr"
                            onClick={[Function]}
                          />
                        </div>
                      </div>
                       
                    </figure>
                  </div>
                </div>
                <div
                  className="card-content"
                >
                  <div
                    className="media mb-0"
                  >
                    <div
                      className="media-content"
                    >
                      <div
                        className="subtitleleftpad"
                      >
                        <div
                          className="subtitle is-5 mb-0"
                        >
                          Roasted black bean burgers
                        </div>
                         
                      </div>
                    </div>
                  </div>
                  <div
                    className="content"
                  >
                    <div
                      className="subtitle is-6 mb-0"
                    >
                      Serves: 
                      4
                    </div>
                     
                    <div
                      className="subtitle is-6"
                    >
                      Prep time: 
                      40 Minutes - Not too tricky
                       minutes
                    </div>
                     
                  </div>
                </div>
              </a>
            </div>
            <div
              className="seperation"
            />
          </li>
        </div>
      </ul>
      <br />
      <div
        className="pad"
      >
        <button
          className="button is-small is-rounded is-outline is-centered"
          onClick={[Function]}
        >
          Delete All
        </button>
        <button
          className="button is-small is-rounded is-outline is-centered"
          onClick={[Function]}
        >
          Suggest Recipes
        </button>
      </div>
       
    </div>
  </div>
</div>
`;
