// Jest Snapshot v1, https://goo.gl/fbAQLP

exports[`renders component correctly 1`] = `
<div
  className="RecipesList"
>
  <div>
    <button
      onClick={[Function]}
    >
      DELETE ALL RECIPES
    </button>
    <button
      onClick={[Function]}
    >
      SEED RECIPES
    </button>
  </div>
   
  <div
    className="recipeSort"
  >
    <div
      className="list"
    >
      <input
        onChange={[Function]}
        placeholder="search for a recipe..."
        type="text"
      />
      <label>
        Sort By:
      </label>
       
      <select
        onChange={[Function]}
        value="NAME_ASC"
      >
        <option
          value="NAME_ASC"
        >
          Name (A-Z)
        </option>
        <option
          value="NAME_DESC"
        >
          Name (Z-A)
        </option>
        <option
          value="SERVES_ASC"
        >
          Serves (Ascending)
        </option>
        <option
          value="SERVES_DESC"
        >
          Serves (Descending)
        </option>
      </select>
    </div>
  </div>
  <ul>
    <li>
      <div
        className="card"
      >
        <a
          href="#/recipe/MOqgTKsRp9OwepdSupbr"
          onClick={[Function]}
        >
           
          <div
            className="card-image"
          >
            <div
              className="container"
            >
              <figure
                className="image is-1by10"
              >
                <img
                  alt="Roasted black bean burgers"
                  src="https://imagesvc.meredithcorp.io/v3/mm/image?url=https%3A%2F%2Fimages.media-allrecipes.com%2Fuserphotos%2F5858755.jpg"
                />
                <div
                  className="top-right"
                >
                  <div
                    className="control"
                  >
                    <i
                      className="fas fa-plus"
                    />
                    <a
                      href="#/recipe/MOqgTKsRp9OwepdSupbr"
                      onClick={[Function]}
                    />
                  </div>
                </div>
                 
              </figure>
            </div>
          </div>
          <div
            className="card-content"
          >
            <div
              className="media mb-0"
            >
              <div
                className="media-content"
              >
                <div
                  className="subtitle is-5 mb-0"
                >
                  Roasted black bean burgers
                </div>
                 
              </div>
            </div>
            <div
              className="content"
            >
              <div
                className="subtitle is-6 mb-0"
              >
                Serves: 
                4
              </div>
               
              <div
                className="subtitle is-6"
              >
                Prep time: 
                40 Minutes - Not too tricky
              </div>
               
            </div>
          </div>
        </a>
      </div>
      <div
        className="seperation"
      />
    </li>
  </ul>
</div>
`;
