// Jest Snapshot v1, https://goo.gl/fbAQLP

exports[`renders component correctly 1`] = `
<div
  className="ShoppingList"
>
  <div>
     
  </div>
  <div
    className="sort-sort"
  >
    <button
      className="button is-small is-rounded is-outline clear-shopping"
      onClick={[Function]}
    >
      Clear all
    </button>
    <select
      className="recipeSortButton"
      onChange={[Function]}
      value="NAME_ASC"
    >
      <option
        value="NAME_ASC"
      >
        Name (A-Z)
      </option>
      <option
        value="NAME_DESC"
      >
        Name (Z-A)
      </option>
    </select>
  </div>
  <div
    className="search-pad"
  >
    <form
      className="shopping-list"
    >
      <input
        className="noBulmaBorderless newItemQ"
        onChange={[Function]}
        placeholder="Quantity"
        type="number"
        value=""
      />
       
      <input
        className="noBulmaBorderless newItem"
        onChange={[Function]}
        placeholder="Item, ie bananas"
        type="text"
        value=""
      />
       
      <h3
        onClick={[Function]}
        style={
          Object {
            "display": "inline",
          }
        }
      >
        <h3
          className="plusButton"
        >
          +
        </h3>
        Add
      </h3>
    </form>
  </div>
  <div
    className="shopping-list"
  >
    <ul>
      <li>
        <h5
          className="shoppingListIngredients"
          onClick={[Function]}
          style={null}
        >
           
          <span
            className="destroyerOfIngredients"
            onClick={[Function]}
          >
            <i
              class="fas fa-times"
            />
          </span>
        </h5>
      </li>
    </ul>
  </div>
</div>
`;
