// Jest Snapshot v1, https://goo.gl/fbAQLP

exports[`renders component correctly 1`] = `
<div>
  <div>
    <hr />
    <div
      className="weeklist"
    >
      <div
        className="clear-week"
      >
        <button
          className="button is-small is-rounded is-outline is-centered"
          onClick={[Function]}
        >
          Clear Week
        </button>
         
      </div>
      <div
        className="monday-clear"
      >
        <a
          href="#/recipes"
          onClick={[Function]}
        >
          <div
            className="list"
          >
            <h3
              className="subtitle is-5"
              onClick={[Function]}
            >
              Monday+ 
              <hr />
            </h3>
          </div>
        </a>
      </div>
      <a
        href="#/recipes"
        onClick={[Function]}
      >
        <div
          className="list"
        >
          <h3
            className="subtitle is-5"
            onClick={[Function]}
          >
            Tuesday+
            <hr />
          </h3>
        </div>
      </a>
      <a
        href="#/recipes"
        onClick={[Function]}
      >
        <div
          className="list"
        >
          <h3
            className="subtitle is-5"
            onClick={[Function]}
          >
            Wednesday+
            <hr />
          </h3>
        </div>
      </a>
      <a
        href="#/recipes"
        onClick={[Function]}
      >
        <div
          className="list"
        >
          <h3
            className="subtitle is-5"
            onClick={[Function]}
          >
            Thursday+
            <hr />
          </h3>
        </div>
      </a>
      <a
        href="#/recipes"
        onClick={[Function]}
      >
        <div
          className="list"
        >
          <h3
            className="subtitle is-5"
            onClick={[Function]}
          >
            Friday+
            <hr />
          </h3>
        </div>
      </a>
      <a
        href="#/recipes"
        onClick={[Function]}
      >
        <div
          className="list"
        >
          <h3
            className="subtitle is-5"
            onClick={[Function]}
          >
            Saturday+
            <hr />
          </h3>
        </div>
      </a>
      <a
        href="#/recipes"
        onClick={[Function]}
      >
        <div
          className="list"
        >
          <h3
            className="subtitle is-5"
            onClick={[Function]}
          >
            Sunday+
            <hr />
          </h3>
        </div>
      </a>
    </div>
  </div>
</div>
`;
