// Jest Snapshot v1, https://goo.gl/fbAQLP

exports[`renders component correctly 1`] = `
<div
  className="WeekList"
>
  <div>
    <h2
      className="subtitle is-5 has-text-centered"
    >
      Your list of days and meals below:
    </h2>
    <button
      onClick={[Function]}
    >
      Clear Week Assignments
    </button>
    <br />
    <h3
      className="title is-3 has-text-centered"
    >
      Monday
    </h3>
    <a
      href="#/recipes"
      onClick={[Function]}
    >
      <button
        onClick={[Function]}
      >
        Add Recipe For Monday
      </button>
    </a>
    <h3
      className="title is-3 has-text-centered"
    >
      Tuesday
    </h3>
    <a
      href="#/recipes"
      onClick={[Function]}
    >
      <button
        onClick={[Function]}
      >
        Add Recipe For Tuesday
      </button>
    </a>
    <h3
      className="title is-3 has-text-centered"
    >
      Wednesday
    </h3>
    <a
      href="#/recipes"
      onClick={[Function]}
    >
      <button
        onClick={[Function]}
      >
        Add Recipe For Wednesday
      </button>
    </a>
    <h3
      className="title is-3 has-text-centered"
    >
      Thursday
    </h3>
    <a
      href="#/recipes"
      onClick={[Function]}
    >
      <button
        onClick={[Function]}
      >
        Add Recipe For Thursday
      </button>
    </a>
    <h3
      className="title is-3 has-text-centered"
    >
      Friday
    </h3>
    <a
      href="#/recipes"
      onClick={[Function]}
    >
      <button
        onClick={[Function]}
      >
        Add Recipe For Friday
      </button>
    </a>
    <h3
      className="title is-3 has-text-centered"
    >
      Saturday
    </h3>
    <a
      href="#/recipes"
      onClick={[Function]}
    >
      <button
        onClick={[Function]}
      >
        Add Recipe For Saturday
      </button>
    </a>
    <h3
      className="title is-3 has-text-centered"
    >
      Sunday
    </h3>
    <a
      href="#/recipes"
      onClick={[Function]}
    >
      <button
        onClick={[Function]}
      >
        Add Recipe For Sunday
      </button>
    </a>
  </div>
</div>
`;
